  姝ｅ湪纭畾瑕佽繕鍘熺殑椤圭洰鈥?
  鎵€鏈夐」鐩潎鏄渶鏂扮殑锛屾棤娉曡繕鍘熴€?
  AcqShell.Contracts -> D:\desktop\DH\src\AcqShell.Contracts\bin\Debug\net8.0\AcqShell.Contracts.dll
  AcqEngine.Core -> D:\desktop\DH\src\AcqEngine.Core\bin\Debug\net8.0\AcqEngine.Core.dll
  AcqEngine.Storage.Abstractions -> D:\desktop\DH\src\AcqEngine.Storage.Abstractions\bin\Debug\net8.0\AcqEngine.Storage.Abstractions.dll
  AcqEngine.Processing -> D:\desktop\DH\src\AcqEngine.Processing\bin\Debug\net8.0\AcqEngine.Processing.dll
  AcqEngine.DeviceSdk -> D:\desktop\DH\src\AcqEngine.DeviceSdk\bin\Debug\net8.0\AcqEngine.DeviceSdk.dll
  AcqEngine.Diagnostics -> D:\desktop\DH\src\AcqEngine.Diagnostics\bin\Debug\net8.0\AcqEngine.Diagnostics.dll
  AcqEngine.Replay -> D:\desktop\DH\src\AcqEngine.Replay\bin\Debug\net8.0\AcqEngine.Replay.dll
  AcqEngine.Storage.Hdf5 -> D:\desktop\DH\src\AcqEngine.Storage.Hdf5\bin\Debug\net8.0\AcqEngine.Storage.Hdf5.dll
  AcqEngine.Storage.Tdms -> D:\desktop\DH\src\AcqEngine.Storage.Tdms\bin\Debug\net8.0\AcqEngine.Storage.Tdms.dll
  AcqEngine.Tests -> D:\desktop\DH\tests\AcqEngine.Tests\bin\Debug\net8.0\AcqEngine.Tests.dll
  AcqEngine.Host -> D:\desktop\DH\src\AcqEngine.Host\bin\Debug\net8.0\AcqEngine.Host.dll
D:\desktop\DH\src\AcqShell.UI\obj\Debug\net8.0\Avalonia.Generators\Avalonia.Generators.NameGenerator.AvaloniaNameSourceGenerator\AcqShell.UI.MainWindow.g.cs(12,54): error CS0102: 绫诲瀷鈥淢ainWindow鈥濆凡缁忓寘鍚€淪tateBadgeText鈥濈殑瀹氫箟 [D:\desktop\DH\src\AcqShell.UI\AcqShell.UI.csproj]
D:\desktop\DH\src\AcqShell.UI\obj\Debug\net8.0\Avalonia.Generators\Avalonia.Generators.NameGenerator.AvaloniaNameSourceGenerator\AcqShell.UI.MainWindow.g.cs(40,52): error CS0102: 绫诲瀷鈥淢ainWindow鈥濆凡缁忓寘鍚€淟ogBox鈥濈殑瀹氫箟 [D:\desktop\DH\src\AcqShell.UI\AcqShell.UI.csproj]
D:\desktop\DH\src\AcqShell.UI\obj\Debug\net8.0\Avalonia.Generators\Avalonia.Generators.NameGenerator.AvaloniaNameSourceGenerator\AcqShell.UI.MainWindow.g.cs(14,56): error CS0102: 绫诲瀷鈥淢ainWindow鈥濆凡缁忓寘鍚€淣ativeModeRadio鈥濈殑瀹氫箟 [D:\desktop\DH\src\AcqShell.UI\AcqShell.UI.csproj]
D:\desktop\DH\src\AcqShell.UI\obj\Debug\net8.0\Avalonia.Generators\Avalonia.Generators.NameGenerator.AvaloniaNameSourceGenerator\AcqShell.UI.MainWindow.g.cs(18,54): error CS0102: 绫诲瀷鈥淢ainWindow鈥濆凡缁忓寘鍚€淭opologyStatusText鈥濈殑瀹氫箟 [D:\desktop\DH\src\AcqShell.UI\AcqShell.UI.csproj]
D:\desktop\DH\src\AcqShell.UI\obj\Debug\net8.0\Avalonia.Generators\Avalonia.Generators.NameGenerator.AvaloniaNameSourceGenerator\AcqShell.UI.MainWindow.g.cs(22,52): error CS0102: 绫诲瀷鈥淢ainWindow鈥濆凡缁忓寘鍚€淪dkDirectoryTextBox鈥濈殑瀹氫箟 [D:\desktop\DH\src\AcqShell.UI\AcqShell.UI.csproj]
D:\desktop\DH\src\AcqShell.UI\obj\Debug\net8.0\Avalonia.Generators\Avalonia.Generators.NameGenerator.AvaloniaNameSourceGenerator\AcqShell.UI.MainWindow.g.cs(24,52): error CS0102: 绫诲瀷鈥淢ainWindow鈥濆凡缁忓寘鍚€淐onfigDirectoryTextBox鈥濈殑瀹氫箟 [D:\desktop\DH\src\AcqShell.UI\AcqShell.UI.csproj]
D:\desktop\DH\src\AcqShell.UI\obj\Debug\net8.0\Avalonia.Generators\Avalonia.Generators.NameGenerator.AvaloniaNameSourceGenerator\AcqShell.UI.MainWindow.g.cs(30,52): error CS0102: 绫诲瀷鈥淢ainWindow鈥濆凡缁忓寘鍚€淢ockDeviceCountTextBox鈥濈殑瀹氫箟 [D:\desktop\DH\src\AcqShell.UI\AcqShell.UI.csproj]
D:\desktop\DH\src\AcqShell.UI\obj\Debug\net8.0\Avalonia.Generators\Avalonia.Generators.NameGenerator.AvaloniaNameSourceGenerator\AcqShell.UI.MainWindow.g.cs(32,52): error CS0102: 绫诲瀷鈥淢ainWindow鈥濆凡缁忓寘鍚€淢ockChannelCountTextBox鈥濈殑瀹氫箟 [D:\desktop\DH\src\AcqShell.UI\AcqShell.UI.csproj]
D:\desktop\DH\src\AcqShell.UI\obj\Debug\net8.0\Avalonia.Generators\Avalonia.Generators.NameGenerator.AvaloniaNameSourceGenerator\AcqShell.UI.MainWindow.g.cs(50,51): error CS0102: 绫诲瀷鈥淢ainWindow鈥濆凡缁忓寘鍚€淪tartValidationBtn鈥濈殑瀹氫箟 [D:\desktop\DH\src\AcqShell.UI\AcqShell.UI.csproj]
D:\desktop\DH\src\AcqShell.UI\obj\Debug\net8.0\Avalonia.Generators\Avalonia.Generators.NameGenerator.AvaloniaNameSourceGenerator\AcqShell.UI.MainWindow.g.cs(52,51): error CS0102: 绫诲瀷鈥淢ainWindow鈥濆凡缁忓寘鍚€淪topValidationBtn鈥濈殑瀹氫箟 [D:\desktop\DH\src\AcqShell.UI\AcqShell.UI.csproj]
D:\desktop\DH\src\AcqShell.UI\obj\Debug\net8.0\Avalonia.Generators\Avalonia.Generators.NameGenerator.AvaloniaNameSourceGenerator\AcqShell.UI.MainWindow.g.cs(34,54): error CS0102: 绫诲瀷鈥淢ainWindow鈥濆凡缁忓寘鍚€淪electedDeviceText鈥濈殑瀹氫箟 [D:\desktop\DH\src\AcqShell.UI\AcqShell.UI.csproj]
D:\desktop\DH\src\AcqShell.UI\obj\Debug\net8.0\Avalonia.Generators\Avalonia.Generators.NameGenerator.AvaloniaNameSourceGenerator\AcqShell.UI.MainWindow.g.cs(26,57): error CS0102: 绫诲瀷鈥淢ainWindow鈥濆凡缁忓寘鍚€淒eviceListItemsControl鈥濈殑瀹氫箟 [D:\desktop\DH\src\AcqShell.UI\AcqShell.UI.csproj]
D:\desktop\DH\src\AcqShell.UI\obj\Debug\net8.0\Avalonia.Generators\Avalonia.Generators.NameGenerator.AvaloniaNameSourceGenerator\AcqShell.UI.MainWindow.g.cs(42,54): error CS0102: 绫诲瀷鈥淢ainWindow鈥濆凡缁忓寘鍚€淪dkStatusText鈥濈殑瀹氫箟 [D:\desktop\DH\src\AcqShell.UI\AcqShell.UI.csproj]
D:\desktop\DH\src\AcqShell.UI\obj\Debug\net8.0\Avalonia.Generators\Avalonia.Generators.NameGenerator.AvaloniaNameSourceGenerator\AcqShell.UI.MainWindow.g.cs(44,54): error CS0102: 绫诲瀷鈥淢ainWindow鈥濆凡缁忓寘鍚€淐allbackBlocksText鈥濈殑瀹氫箟 [D:\desktop\DH\src\AcqShell.UI\AcqShell.UI.csproj]
D:\desktop\DH\src\AcqShell.UI\obj\Debug\net8.0\Avalonia.Generators\Avalonia.Generators.NameGenerator.AvaloniaNameSourceGenerator\AcqShell.UI.MainWindow.g.cs(46,54): error CS0102: 绫诲瀷鈥淢ainWindow鈥濆凡缁忓寘鍚€淐allbackBytesText鈥濈殑瀹氫箟 [D:\desktop\DH\src\AcqShell.UI\AcqShell.UI.csproj]
D:\desktop\DH\src\AcqShell.UI\obj\Debug\net8.0\Avalonia.Generators\Avalonia.Generators.NameGenerator.AvaloniaNameSourceGenerator\AcqShell.UI.MainWindow.g.cs(48,54): error CS0102: 绫诲瀷鈥淢ainWindow鈥濆凡缁忓寘鍚€淟astCallbackText鈥濈殑瀹氫箟 [D:\desktop\DH\src\AcqShell.UI\AcqShell.UI.csproj]
D:\desktop\DH\src\AcqShell.UI\obj\Debug\net8.0\Avalonia.Generators\Avalonia.Generators.NameGenerator.AvaloniaNameSourceGenerator\AcqShell.UI.MainWindow.g.cs(36,54): error CS0102: 绫诲瀷鈥淢ainWindow鈥濆凡缁忓寘鍚€淪electedChannelsSummaryText鈥濈殑瀹氫箟 [D:\desktop\DH\src\AcqShell.UI\AcqShell.UI.csproj]

鐢熸垚澶辫触銆?

D:\desktop\DH\src\AcqShell.UI\obj\Debug\net8.0\Avalonia.Generators\Avalonia.Generators.NameGenerator.AvaloniaNameSourceGenerator\AcqShell.UI.MainWindow.g.cs(12,54): error CS0102: 绫诲瀷鈥淢ainWindow鈥濆凡缁忓寘鍚€淪tateBadgeText鈥濈殑瀹氫箟 [D:\desktop\DH\src\AcqShell.UI\AcqShell.UI.csproj]
D:\desktop\DH\src\AcqShell.UI\obj\Debug\net8.0\Avalonia.Generators\Avalonia.Generators.NameGenerator.AvaloniaNameSourceGenerator\AcqShell.UI.MainWindow.g.cs(40,52): error CS0102: 绫诲瀷鈥淢ainWindow鈥濆凡缁忓寘鍚€淟ogBox鈥濈殑瀹氫箟 [D:\desktop\DH\src\AcqShell.UI\AcqShell.UI.csproj]
D:\desktop\DH\src\AcqShell.UI\obj\Debug\net8.0\Avalonia.Generators\Avalonia.Generators.NameGenerator.AvaloniaNameSourceGenerator\AcqShell.UI.MainWindow.g.cs(14,56): error CS0102: 绫诲瀷鈥淢ainWindow鈥濆凡缁忓寘鍚€淣ativeModeRadio鈥濈殑瀹氫箟 [D:\desktop\DH\src\AcqShell.UI\AcqShell.UI.csproj]
D:\desktop\DH\src\AcqShell.UI\obj\Debug\net8.0\Avalonia.Generators\Avalonia.Generators.NameGenerator.AvaloniaNameSourceGenerator\AcqShell.UI.MainWindow.g.cs(18,54): error CS0102: 绫诲瀷鈥淢ainWindow鈥濆凡缁忓寘鍚€淭opologyStatusText鈥濈殑瀹氫箟 [D:\desktop\DH\src\AcqShell.UI\AcqShell.UI.csproj]
D:\desktop\DH\src\AcqShell.UI\obj\Debug\net8.0\Avalonia.Generators\Avalonia.Generators.NameGenerator.AvaloniaNameSourceGenerator\AcqShell.UI.MainWindow.g.cs(22,52): error CS0102: 绫诲瀷鈥淢ainWindow鈥濆凡缁忓寘鍚€淪dkDirectoryTextBox鈥濈殑瀹氫箟 [D:\desktop\DH\src\AcqShell.UI\AcqShell.UI.csproj]
D:\desktop\DH\src\AcqShell.UI\obj\Debug\net8.0\Avalonia.Generators\Avalonia.Generators.NameGenerator.AvaloniaNameSourceGenerator\AcqShell.UI.MainWindow.g.cs(24,52): error CS0102: 绫诲瀷鈥淢ainWindow鈥濆凡缁忓寘鍚€淐onfigDirectoryTextBox鈥濈殑瀹氫箟 [D:\desktop\DH\src\AcqShell.UI\AcqShell.UI.csproj]
D:\desktop\DH\src\AcqShell.UI\obj\Debug\net8.0\Avalonia.Generators\Avalonia.Generators.NameGenerator.AvaloniaNameSourceGenerator\AcqShell.UI.MainWindow.g.cs(30,52): error CS0102: 绫诲瀷鈥淢ainWindow鈥濆凡缁忓寘鍚€淢ockDeviceCountTextBox鈥濈殑瀹氫箟 [D:\desktop\DH\src\AcqShell.UI\AcqShell.UI.csproj]
D:\desktop\DH\src\AcqShell.UI\obj\Debug\net8.0\Avalonia.Generators\Avalonia.Generators.NameGenerator.AvaloniaNameSourceGenerator\AcqShell.UI.MainWindow.g.cs(32,52): error CS0102: 绫诲瀷鈥淢ainWindow鈥濆凡缁忓寘鍚€淢ockChannelCountTextBox鈥濈殑瀹氫箟 [D:\desktop\DH\src\AcqShell.UI\AcqShell.UI.csproj]
D:\desktop\DH\src\AcqShell.UI\obj\Debug\net8.0\Avalonia.Generators\Avalonia.Generators.NameGenerator.AvaloniaNameSourceGenerator\AcqShell.UI.MainWindow.g.cs(50,51): error CS0102: 绫诲瀷鈥淢ainWindow鈥濆凡缁忓寘鍚€淪tartValidationBtn鈥濈殑瀹氫箟 [D:\desktop\DH\src\AcqShell.UI\AcqShell.UI.csproj]
D:\desktop\DH\src\AcqShell.UI\obj\Debug\net8.0\Avalonia.Generators\Avalonia.Generators.NameGenerator.AvaloniaNameSourceGenerator\AcqShell.UI.MainWindow.g.cs(52,51): error CS0102: 绫诲瀷鈥淢ainWindow鈥濆凡缁忓寘鍚€淪topValidationBtn鈥濈殑瀹氫箟 [D:\desktop\DH\src\AcqShell.UI\AcqShell.UI.csproj]
D:\desktop\DH\src\AcqShell.UI\obj\Debug\net8.0\Avalonia.Generators\Avalonia.Generators.NameGenerator.AvaloniaNameSourceGenerator\AcqShell.UI.MainWindow.g.cs(34,54): error CS0102: 绫诲瀷鈥淢ainWindow鈥濆凡缁忓寘鍚€淪electedDeviceText鈥濈殑瀹氫箟 [D:\desktop\DH\src\AcqShell.UI\AcqShell.UI.csproj]
D:\desktop\DH\src\AcqShell.UI\obj\Debug\net8.0\Avalonia.Generators\Avalonia.Generators.NameGenerator.AvaloniaNameSourceGenerator\AcqShell.UI.MainWindow.g.cs(26,57): error CS0102: 绫诲瀷鈥淢ainWindow鈥濆凡缁忓寘鍚€淒eviceListItemsControl鈥濈殑瀹氫箟 [D:\desktop\DH\src\AcqShell.UI\AcqShell.UI.csproj]
D:\desktop\DH\src\AcqShell.UI\obj\Debug\net8.0\Avalonia.Generators\Avalonia.Generators.NameGenerator.AvaloniaNameSourceGenerator\AcqShell.UI.MainWindow.g.cs(42,54): error CS0102: 绫诲瀷鈥淢ainWindow鈥濆凡缁忓寘鍚€淪dkStatusText鈥濈殑瀹氫箟 [D:\desktop\DH\src\AcqShell.UI\AcqShell.UI.csproj]
D:\desktop\DH\src\AcqShell.UI\obj\Debug\net8.0\Avalonia.Generators\Avalonia.Generators.NameGenerator.AvaloniaNameSourceGenerator\AcqShell.UI.MainWindow.g.cs(44,54): error CS0102: 绫诲瀷鈥淢ainWindow鈥濆凡缁忓寘鍚€淐allbackBlocksText鈥濈殑瀹氫箟 [D:\desktop\DH\src\AcqShell.UI\AcqShell.UI.csproj]
D:\desktop\DH\src\AcqShell.UI\obj\Debug\net8.0\Avalonia.Generators\Avalonia.Generators.NameGenerator.AvaloniaNameSourceGenerator\AcqShell.UI.MainWindow.g.cs(46,54): error CS0102: 绫诲瀷鈥淢ainWindow鈥濆凡缁忓寘鍚€淐allbackBytesText鈥濈殑瀹氫箟 [D:\desktop\DH\src\AcqShell.UI\AcqShell.UI.csproj]
D:\desktop\DH\src\AcqShell.UI\obj\Debug\net8.0\Avalonia.Generators\Avalonia.Generators.NameGenerator.AvaloniaNameSourceGenerator\AcqShell.UI.MainWindow.g.cs(48,54): error CS0102: 绫诲瀷鈥淢ainWindow鈥濆凡缁忓寘鍚€淟astCallbackText鈥濈殑瀹氫箟 [D:\desktop\DH\src\AcqShell.UI\AcqShell.UI.csproj]
D:\desktop\DH\src\AcqShell.UI\obj\Debug\net8.0\Avalonia.Generators\Avalonia.Generators.NameGenerator.AvaloniaNameSourceGenerator\AcqShell.UI.MainWindow.g.cs(36,54): error CS0102: 绫诲瀷鈥淢ainWindow鈥濆凡缁忓寘鍚€淪electedChannelsSummaryText鈥濈殑瀹氫箟 [D:\desktop\DH\src\AcqShell.UI\AcqShell.UI.csproj]
    0 涓鍛?
    17 涓敊璇?

宸茬敤鏃堕棿 00:00:00.96
